Archive member included to satisfy reference by file (symbol)

/usr/lib/gcc/arm-none-eabi/14.2.1/../../../arm-none-eabi/lib/libc.a(libc_a-memset.o)
                              /usr/lib/gcc/arm-none-eabi/14.2.1/../../../arm-none-eabi/lib/crt0.o (memset)
/usr/lib/gcc/arm-none-eabi/14.2.1/../../../arm-none-eabi/lib/libc.a(libc_a-fini.o)
                              /usr/lib/gcc/arm-none-eabi/14.2.1/../../../arm-none-eabi/lib/crt0.o (__libc_fini_array)
/usr/lib/gcc/arm-none-eabi/14.2.1/../../../arm-none-eabi/lib/libc.a(libc_a-malloc.o)
                              /tmp/ccuRXNwP.o (malloc)
/usr/lib/gcc/arm-none-eabi/14.2.1/../../../arm-none-eabi/lib/libc.a(libc_a-exit.o)
                              /usr/lib/gcc/arm-none-eabi/14.2.1/../../../arm-none-eabi/lib/crt0.o (exit)
/usr/lib/gcc/arm-none-eabi/14.2.1/../../../arm-none-eabi/lib/libc.a(libc_a-atexit.o)
                              /usr/lib/gcc/arm-none-eabi/14.2.1/../../../arm-none-eabi/lib/crt0.o (atexit)
/usr/lib/gcc/arm-none-eabi/14.2.1/../../../arm-none-eabi/lib/libc.a(libc_a-init.o)
                              /usr/lib/gcc/arm-none-eabi/14.2.1/../../../arm-none-eabi/lib/crt0.o (__libc_init_array)
/usr/lib/gcc/arm-none-eabi/14.2.1/../../../arm-none-eabi/lib/libc.a(libc_a-impure.o)
                              /usr/lib/gcc/arm-none-eabi/14.2.1/../../../arm-none-eabi/lib/libc.a(libc_a-malloc.o) (_impure_ptr)
/usr/lib/gcc/arm-none-eabi/14.2.1/../../../arm-none-eabi/lib/libc.a(libc_a-findfp.o)
                              /usr/lib/gcc/arm-none-eabi/14.2.1/../../../arm-none-eabi/lib/libc.a(libc_a-impure.o) (__sf)
/usr/lib/gcc/arm-none-eabi/14.2.1/../../../arm-none-eabi/lib/libc.a(libc_a-fclose.o)
                              /usr/lib/gcc/arm-none-eabi/14.2.1/../../../arm-none-eabi/lib/libc.a(libc_a-findfp.o) (_fclose_r)
/usr/lib/gcc/arm-none-eabi/14.2.1/../../../arm-none-eabi/lib/libc.a(libc_a-mallocr.o)
                              /usr/lib/gcc/arm-none-eabi/14.2.1/../../../arm-none-eabi/lib/libc.a(libc_a-malloc.o) (_malloc_r)
/usr/lib/gcc/arm-none-eabi/14.2.1/../../../arm-none-eabi/lib/libc.a(libc_a-freer.o)
                              /usr/lib/gcc/arm-none-eabi/14.2.1/../../../arm-none-eabi/lib/libc.a(libc_a-malloc.o) (_free_r)
/usr/lib/gcc/arm-none-eabi/14.2.1/../../../arm-none-eabi/lib/libc.a(libc_a-__call_atexit.o)
                              /usr/lib/gcc/arm-none-eabi/14.2.1/../../../arm-none-eabi/lib/libc.a(libc_a-exit.o) (__call_exitprocs)
/usr/lib/gcc/arm-none-eabi/14.2.1/../../../arm-none-eabi/lib/libc.a(libc_a-__atexit.o)
                              /usr/lib/gcc/arm-none-eabi/14.2.1/../../../arm-none-eabi/lib/libc.a(libc_a-atexit.o) (__register_exitproc)
/usr/lib/gcc/arm-none-eabi/14.2.1/../../../arm-none-eabi/lib/libc.a(libc_a-mlock.o)
                              /usr/lib/gcc/arm-none-eabi/14.2.1/../../../arm-none-eabi/lib/libc.a(libc_a-mallocr.o) (__malloc_lock)
/usr/lib/gcc/arm-none-eabi/14.2.1/../../../arm-none-eabi/lib/libc.a(libc_a-sbrkr.o)
                              /usr/lib/gcc/arm-none-eabi/14.2.1/../../../arm-none-eabi/lib/libc.a(libc_a-mallocr.o) (_sbrk_r)
/usr/lib/gcc/arm-none-eabi/14.2.1/../../../arm-none-eabi/lib/libc.a(libc_a-stdio.o)
                              /usr/lib/gcc/arm-none-eabi/14.2.1/../../../arm-none-eabi/lib/libc.a(libc_a-findfp.o) (__sread)
/usr/lib/gcc/arm-none-eabi/14.2.1/../../../arm-none-eabi/lib/libc.a(libc_a-fflush.o)
                              /usr/lib/gcc/arm-none-eabi/14.2.1/../../../arm-none-eabi/lib/libc.a(libc_a-fclose.o) (__sflush_r)
/usr/lib/gcc/arm-none-eabi/14.2.1/../../../arm-none-eabi/lib/libc.a(libc_a-fwalk.o)
                              /usr/lib/gcc/arm-none-eabi/14.2.1/../../../arm-none-eabi/lib/libc.a(libc_a-findfp.o) (_fwalk_sglue)
/usr/lib/gcc/arm-none-eabi/14.2.1/../../../arm-none-eabi/lib/libc.a(libc_a-sysconf.o)
                              /usr/lib/gcc/arm-none-eabi/14.2.1/../../../arm-none-eabi/lib/libc.a(libc_a-mallocr.o) (sysconf)
/usr/lib/gcc/arm-none-eabi/14.2.1/../../../arm-none-eabi/lib/libc.a(libc_a-reent.o)
                              /usr/lib/gcc/arm-none-eabi/14.2.1/../../../arm-none-eabi/lib/libc.a(libc_a-sbrkr.o) (errno)
/usr/lib/gcc/arm-none-eabi/14.2.1/../../../arm-none-eabi/lib/libc.a(libc_a-errno.o)
                              /usr/lib/gcc/arm-none-eabi/14.2.1/../../../arm-none-eabi/lib/libc.a(libc_a-sysconf.o) (__errno)
/usr/lib/gcc/arm-none-eabi/14.2.1/../../../arm-none-eabi/lib/libc.a(libc_a-writer.o)
                              /usr/lib/gcc/arm-none-eabi/14.2.1/../../../arm-none-eabi/lib/libc.a(libc_a-stdio.o) (_write_r)
/usr/lib/gcc/arm-none-eabi/14.2.1/../../../arm-none-eabi/lib/libc.a(libc_a-closer.o)
                              /usr/lib/gcc/arm-none-eabi/14.2.1/../../../arm-none-eabi/lib/libc.a(libc_a-stdio.o) (_close_r)
/usr/lib/gcc/arm-none-eabi/14.2.1/../../../arm-none-eabi/lib/libc.a(libc_a-lseekr.o)
                              /usr/lib/gcc/arm-none-eabi/14.2.1/../../../arm-none-eabi/lib/libc.a(libc_a-stdio.o) (_lseek_r)
/usr/lib/gcc/arm-none-eabi/14.2.1/../../../arm-none-eabi/lib/libc.a(libc_a-readr.o)
                              /usr/lib/gcc/arm-none-eabi/14.2.1/../../../arm-none-eabi/lib/libc.a(libc_a-stdio.o) (_read_r)
/usr/lib/gcc/arm-none-eabi/14.2.1/libgcc.a(_udivsi3.o)
                              /usr/lib/gcc/arm-none-eabi/14.2.1/../../../arm-none-eabi/lib/libc.a(libc_a-freer.o) (__aeabi_uidiv)
/usr/lib/gcc/arm-none-eabi/14.2.1/libgcc.a(_dvmd_tls.o)
                              /usr/lib/gcc/arm-none-eabi/14.2.1/libgcc.a(_udivsi3.o) (__aeabi_idiv0)

There are no discarded input sections

Memory Configuration

Name             Origin             Length             Attributes
MAIN_FLASH       0x00000000         0x00040000         xr
INFO_FLASH       0x00200000         0x00004000         xr
SRAM_CODE        0x01000000         0x00010000         xrw
SRAM_DATA        0x20000000         0x00010000         rw
*default*        0x00000000         0xffffffff

Linker script and memory map

LOAD /usr/lib/gcc/arm-none-eabi/14.2.1/crti.o
LOAD /usr/lib/gcc/arm-none-eabi/14.2.1/crtbegin.o
LOAD /usr/lib/gcc/arm-none-eabi/14.2.1/../../../arm-none-eabi/lib/crt0.o
LOAD /tmp/ccuRXNwP.o
LOAD /tmp/ccVgmFSY.o
START GROUP
LOAD /usr/lib/gcc/arm-none-eabi/14.2.1/libgcc.a
LOAD /usr/lib/gcc/arm-none-eabi/14.2.1/../../../arm-none-eabi/lib/libc.a
END GROUP
LOAD /usr/lib/gcc/arm-none-eabi/14.2.1/crtend.o
LOAD /usr/lib/gcc/arm-none-eabi/14.2.1/crtn.o
                0x00000000                        PROVIDE (_intvecs_base_address = DEFINED (_intvecs_base_address)?_intvecs_base_address:0x0)

.intvecs
 *(.intvecs)
                0x00200000                        PROVIDE (_mailbox_base_address = 0x200000)

.flashMailbox
 *(.flashMailbox)
                0x00201000                        PROVIDE (_tlv_base_address = 0x201000)

.tlvTable
 *(.tlvTable)
                0x00202000                        PROVIDE (_bsl_base_address = 0x202000)

.bslArea
 *(.bslArea)
                0x20000000                        PROVIDE (_vtable_base_address = DEFINED (_vtable_base_address)?_vtable_base_address:0x20000000)

.vtable
 *(.vtable)

.text           0x00000000     0x1f74
 CREATE_OBJECT_SYMBOLS
 *(.text)
 .text          0x00000000        0x0 /usr/lib/gcc/arm-none-eabi/14.2.1/crti.o
 .text          0x00000000       0xdc /usr/lib/gcc/arm-none-eabi/14.2.1/crtbegin.o
 .text          0x000000dc      0x130 /usr/lib/gcc/arm-none-eabi/14.2.1/../../../arm-none-eabi/lib/crt0.o
                0x000000dc                _stack_init
                0x0000016c                _mainCRTStartup
                0x0000016c                _start
 .text          0x0000020c       0x9c /tmp/ccuRXNwP.o
                0x0000020c                main
 .text          0x000002a8       0xd0 /tmp/ccVgmFSY.o
                0x000002a8                func
 .text          0x00000378       0xfc /usr/lib/gcc/arm-none-eabi/14.2.1/../../../arm-none-eabi/lib/libc.a(libc_a-memset.o)
                0x00000378                memset
 .text          0x00000474       0x44 /usr/lib/gcc/arm-none-eabi/14.2.1/../../../arm-none-eabi/lib/libc.a(libc_a-fini.o)
                0x00000474                __libc_fini_array
 .text          0x000004b8       0x40 /usr/lib/gcc/arm-none-eabi/14.2.1/../../../arm-none-eabi/lib/libc.a(libc_a-malloc.o)
                0x000004b8                malloc
                0x000004d8                free
 .text          0x000004f8       0x30 /usr/lib/gcc/arm-none-eabi/14.2.1/../../../arm-none-eabi/lib/libc.a(libc_a-exit.o)
                0x000004f8                exit
 .text          0x00000528       0x20 /usr/lib/gcc/arm-none-eabi/14.2.1/../../../arm-none-eabi/lib/libc.a(libc_a-atexit.o)
                0x00000528                atexit
 .text          0x00000548       0x90 /usr/lib/gcc/arm-none-eabi/14.2.1/../../../arm-none-eabi/lib/libc.a(libc_a-init.o)
                0x00000548                __libc_init_array
 .text          0x000005d8        0x0 /usr/lib/gcc/arm-none-eabi/14.2.1/../../../arm-none-eabi/lib/libc.a(libc_a-impure.o)
 .text          0x000005d8      0x348 /usr/lib/gcc/arm-none-eabi/14.2.1/../../../arm-none-eabi/lib/libc.a(libc_a-findfp.o)
                0x00000790                __sfp
                0x000008a0                __sinit
                0x000008d0                __sfp_lock_acquire
                0x000008d4                __sfp_lock_release
                0x000008d8                __fp_lock_all
                0x000008fc                __fp_unlock_all
 .text          0x00000920      0x108 /usr/lib/gcc/arm-none-eabi/14.2.1/../../../arm-none-eabi/lib/libc.a(libc_a-fclose.o)
                0x00000920                _fclose_r
                0x00000a14                fclose
 .text          0x00000a28      0x780 /usr/lib/gcc/arm-none-eabi/14.2.1/../../../arm-none-eabi/lib/libc.a(libc_a-mallocr.o)
                0x00000a28                _malloc_r
 .text          0x000011a8      0x3fc /usr/lib/gcc/arm-none-eabi/14.2.1/../../../arm-none-eabi/lib/libc.a(libc_a-freer.o)
                0x000011a8                _malloc_trim_r
                0x000012bc                _free_r
 .text          0x000015a4      0x124 /usr/lib/gcc/arm-none-eabi/14.2.1/../../../arm-none-eabi/lib/libc.a(libc_a-__call_atexit.o)
                0x000015a4                __call_exitprocs
 .text          0x000016c8       0x8c /usr/lib/gcc/arm-none-eabi/14.2.1/../../../arm-none-eabi/lib/libc.a(libc_a-__atexit.o)
                0x000016c8                __register_exitproc
 .text          0x00001754        0x8 /usr/lib/gcc/arm-none-eabi/14.2.1/../../../arm-none-eabi/lib/libc.a(libc_a-mlock.o)
                0x00001754                __malloc_lock
                0x00001758                __malloc_unlock
 .text          0x0000175c       0x44 /usr/lib/gcc/arm-none-eabi/14.2.1/../../../arm-none-eabi/lib/libc.a(libc_a-sbrkr.o)
                0x0000175c                _sbrk_r
 .text          0x000017a0       0xdc /usr/lib/gcc/arm-none-eabi/14.2.1/../../../arm-none-eabi/lib/libc.a(libc_a-stdio.o)
                0x000017a0                __sread
                0x000017d4                __seofread
                0x000017dc                __swrite
                0x00001838                __sseek
                0x00001868                __sclose
 .text          0x0000187c      0x2e8 /usr/lib/gcc/arm-none-eabi/14.2.1/../../../arm-none-eabi/lib/libc.a(libc_a-fflush.o)
                0x0000187c                __sflush_r
                0x00001a8c                _fflush_r
                0x00001ae0                fflush
 .text          0x00001b64       0x78 /usr/lib/gcc/arm-none-eabi/14.2.1/../../../arm-none-eabi/lib/libc.a(libc_a-fwalk.o)
                0x00001b64                _fwalk_sglue
 .text          0x00001bdc       0x30 /usr/lib/gcc/arm-none-eabi/14.2.1/../../../arm-none-eabi/lib/libc.a(libc_a-sysconf.o)
                0x00001bdc                sysconf
 .text          0x00001c0c       0xc8 /usr/lib/gcc/arm-none-eabi/14.2.1/../../../arm-none-eabi/lib/libc.a(libc_a-reent.o)
                0x00001c0c                _reclaim_reent
 .text          0x00001cd4       0x10 /usr/lib/gcc/arm-none-eabi/14.2.1/../../../arm-none-eabi/lib/libc.a(libc_a-errno.o)
                0x00001cd4                __errno
 .text          0x00001ce4       0x48 /usr/lib/gcc/arm-none-eabi/14.2.1/../../../arm-none-eabi/lib/libc.a(libc_a-writer.o)
                0x00001ce4                _write_r
 .text          0x00001d2c       0x3c /usr/lib/gcc/arm-none-eabi/14.2.1/../../../arm-none-eabi/lib/libc.a(libc_a-closer.o)
                0x00001d2c                _close_r
 .text          0x00001d68       0x48 /usr/lib/gcc/arm-none-eabi/14.2.1/../../../arm-none-eabi/lib/libc.a(libc_a-lseekr.o)
                0x00001d68                _lseek_r
 .text          0x00001db0       0x48 /usr/lib/gcc/arm-none-eabi/14.2.1/../../../arm-none-eabi/lib/libc.a(libc_a-readr.o)
                0x00001db0                _read_r
 .text          0x00001df8      0x114 /usr/lib/gcc/arm-none-eabi/14.2.1/libgcc.a(_udivsi3.o)
                0x00001df8                __udivsi3
                0x00001df8                __aeabi_uidiv
                0x00001eec                __aeabi_uidivmod
 .text          0x00001f0c        0x4 /usr/lib/gcc/arm-none-eabi/14.2.1/libgcc.a(_dvmd_tls.o)
                0x00001f0c                __aeabi_ldiv0
                0x00001f0c                __aeabi_idiv0
 .text          0x00001f10        0x0 /usr/lib/gcc/arm-none-eabi/14.2.1/crtend.o
 .text          0x00001f10        0x0 /usr/lib/gcc/arm-none-eabi/14.2.1/crtn.o
 *(.text.*)
 .text.startup  0x00001f10       0x28 /usr/lib/gcc/arm-none-eabi/14.2.1/../../../arm-none-eabi/lib/libc.a(libc_a-__call_atexit.o)
                0x00001f38                        . = ALIGN (0x4)
 *(.ctors)
                0x00001f38                        . = ALIGN (0x4)
 *(.dtors)
                0x00001f38                        . = ALIGN (0x4)
                0x00001f38                        __init_array_start = .
 *(.init_array*)
 .init_array    0x00001f38        0x4 /usr/lib/gcc/arm-none-eabi/14.2.1/crtbegin.o
 .init_array.00000
                0x00001f3c        0x4 /usr/lib/gcc/arm-none-eabi/14.2.1/../../../arm-none-eabi/lib/libc.a(libc_a-__call_atexit.o)
                0x00001f40                        __init_array_end = .
 *(.init)
 .init          0x00001f40        0xc /usr/lib/gcc/arm-none-eabi/14.2.1/crti.o
                0x00001f40                _init
 .init          0x00001f4c        0xc /usr/lib/gcc/arm-none-eabi/14.2.1/crtn.o
 *(.fini*)
 .fini          0x00001f58        0xc /usr/lib/gcc/arm-none-eabi/14.2.1/crti.o
                0x00001f58                _fini
 .fini_array    0x00001f64        0x4 /usr/lib/gcc/arm-none-eabi/14.2.1/crtbegin.o
 .fini          0x00001f68        0xc /usr/lib/gcc/arm-none-eabi/14.2.1/crtn.o

.glue_7         0x00001f74        0x0
 .glue_7        0x00001f74        0x0 linker stubs

.glue_7t        0x00001f74        0x0
 .glue_7t       0x00001f74        0x0 linker stubs

.vfp11_veneer   0x00001f74        0x0
 .vfp11_veneer  0x00001f74        0x0 linker stubs

.v4_bx          0x00001f74        0x0
 .v4_bx         0x00001f74        0x0 linker stubs

.iplt           0x00001f74        0x0
 .iplt          0x00001f74        0x0 /usr/lib/gcc/arm-none-eabi/14.2.1/crtbegin.o

.rodata         0x00001f74       0x5c
 *(.rodata)
 .rodata        0x00001f74       0x24 /usr/lib/gcc/arm-none-eabi/14.2.1/crtbegin.o
 .rodata        0x00001f98        0x4 /tmp/ccuRXNwP.o
                0x00001f98                g2
 .rodata        0x00001f9c        0xe /tmp/ccVgmFSY.o
 *fill*         0x00001faa        0x2 
 .rodata        0x00001fac       0x24 /usr/lib/gcc/arm-none-eabi/14.2.1/crtend.o
 *(.rodata.*)

.eh_frame       0x00001fd0        0x4
 .eh_frame      0x00001fd0        0x0 /usr/lib/gcc/arm-none-eabi/14.2.1/crtbegin.o
 .eh_frame      0x00001fd0        0x4 /usr/lib/gcc/arm-none-eabi/14.2.1/crtend.o

.ARM.exidx      0x00001fd4        0x8
                0x00001fd4                        __exidx_start = .
 *(.ARM.exidx* .gnu.linkonce.armexidx.*)
 .ARM.exidx     0x00001fd4        0x8 /usr/lib/gcc/arm-none-eabi/14.2.1/../../../arm-none-eabi/lib/crt0.o
                                 0x10 (size before relaxing)
                0x00001fdc                        __exidx_end = .

.ARM.extab      0x00001fdc        0x0
 *(.ARM.extab* .gnu.linkonce.armextab.*)
 .ARM.extab     0x00001fdc        0x0 /usr/lib/gcc/arm-none-eabi/14.2.1/../../../arm-none-eabi/lib/crt0.o
                0x00001fdc                        __etext = .

.rel.dyn        0x00001fdc        0x0
 .rel.iplt      0x00001fdc        0x0 /usr/lib/gcc/arm-none-eabi/14.2.1/crtbegin.o

.data           0x20000000      0x598 load address 0x00001fdc
                0x00001fdc                        __data_load__ = LOADADDR (.data)
                0x20000000                        __data_start__ = .
 *(.data)
 .data          0x20000000        0x0 /usr/lib/gcc/arm-none-eabi/14.2.1/crti.o
 .data          0x20000000        0x4 /usr/lib/gcc/arm-none-eabi/14.2.1/crtbegin.o
                0x20000000                __dso_handle
 .data          0x20000004        0x0 /usr/lib/gcc/arm-none-eabi/14.2.1/../../../arm-none-eabi/lib/crt0.o
 .data          0x20000004        0x1 /tmp/ccuRXNwP.o
                0x20000004                g3
 *fill*         0x20000005        0x3 
 .data          0x20000008       0x28 /tmp/ccVgmFSY.o
                0x20000008                g5
 .data          0x20000030        0x0 /usr/lib/gcc/arm-none-eabi/14.2.1/../../../arm-none-eabi/lib/libc.a(libc_a-memset.o)
 .data          0x20000030        0x0 /usr/lib/gcc/arm-none-eabi/14.2.1/../../../arm-none-eabi/lib/libc.a(libc_a-fini.o)
 .data          0x20000030        0x0 /usr/lib/gcc/arm-none-eabi/14.2.1/../../../arm-none-eabi/lib/libc.a(libc_a-malloc.o)
 .data          0x20000030        0x0 /usr/lib/gcc/arm-none-eabi/14.2.1/../../../arm-none-eabi/lib/libc.a(libc_a-exit.o)
 .data          0x20000030        0x0 /usr/lib/gcc/arm-none-eabi/14.2.1/../../../arm-none-eabi/lib/libc.a(libc_a-atexit.o)
 .data          0x20000030        0x0 /usr/lib/gcc/arm-none-eabi/14.2.1/../../../arm-none-eabi/lib/libc.a(libc_a-init.o)
 .data          0x20000030      0x148 /usr/lib/gcc/arm-none-eabi/14.2.1/../../../arm-none-eabi/lib/libc.a(libc_a-impure.o)
                0x20000030                _impure_ptr
                0x20000038                _impure_data
 .data          0x20000178        0xc /usr/lib/gcc/arm-none-eabi/14.2.1/../../../arm-none-eabi/lib/libc.a(libc_a-findfp.o)
                0x20000178                __sglue
 .data          0x20000184        0x0 /usr/lib/gcc/arm-none-eabi/14.2.1/../../../arm-none-eabi/lib/libc.a(libc_a-fclose.o)
 *fill*         0x20000184        0x4 
 .data          0x20000188      0x410 /usr/lib/gcc/arm-none-eabi/14.2.1/../../../arm-none-eabi/lib/libc.a(libc_a-mallocr.o)
                0x20000188                __malloc_av_
                0x20000590                __malloc_sbrk_base
                0x20000594                __malloc_trim_threshold
 .data          0x20000598        0x0 /usr/lib/gcc/arm-none-eabi/14.2.1/../../../arm-none-eabi/lib/libc.a(libc_a-freer.o)
 .data          0x20000598        0x0 /usr/lib/gcc/arm-none-eabi/14.2.1/../../../arm-none-eabi/lib/libc.a(libc_a-__call_atexit.o)
 .data          0x20000598        0x0 /usr/lib/gcc/arm-none-eabi/14.2.1/../../../arm-none-eabi/lib/libc.a(libc_a-__atexit.o)
 .data          0x20000598        0x0 /usr/lib/gcc/arm-none-eabi/14.2.1/../../../arm-none-eabi/lib/libc.a(libc_a-mlock.o)
 .data          0x20000598        0x0 /usr/lib/gcc/arm-none-eabi/14.2.1/../../../arm-none-eabi/lib/libc.a(libc_a-sbrkr.o)
 .data          0x20000598        0x0 /usr/lib/gcc/arm-none-eabi/14.2.1/../../../arm-none-eabi/lib/libc.a(libc_a-stdio.o)
 .data          0x20000598        0x0 /usr/lib/gcc/arm-none-eabi/14.2.1/../../../arm-none-eabi/lib/libc.a(libc_a-fflush.o)
 .data          0x20000598        0x0 /usr/lib/gcc/arm-none-eabi/14.2.1/../../../arm-none-eabi/lib/libc.a(libc_a-fwalk.o)
 .data          0x20000598        0x0 /usr/lib/gcc/arm-none-eabi/14.2.1/../../../arm-none-eabi/lib/libc.a(libc_a-sysconf.o)
 .data          0x20000598        0x0 /usr/lib/gcc/arm-none-eabi/14.2.1/../../../arm-none-eabi/lib/libc.a(libc_a-reent.o)
 .data          0x20000598        0x0 /usr/lib/gcc/arm-none-eabi/14.2.1/../../../arm-none-eabi/lib/libc.a(libc_a-errno.o)
 .data          0x20000598        0x0 /usr/lib/gcc/arm-none-eabi/14.2.1/../../../arm-none-eabi/lib/libc.a(libc_a-writer.o)
 .data          0x20000598        0x0 /usr/lib/gcc/arm-none-eabi/14.2.1/../../../arm-none-eabi/lib/libc.a(libc_a-closer.o)
 .data          0x20000598        0x0 /usr/lib/gcc/arm-none-eabi/14.2.1/../../../arm-none-eabi/lib/libc.a(libc_a-lseekr.o)
 .data          0x20000598        0x0 /usr/lib/gcc/arm-none-eabi/14.2.1/../../../arm-none-eabi/lib/libc.a(libc_a-readr.o)
 .data          0x20000598        0x0 /usr/lib/gcc/arm-none-eabi/14.2.1/libgcc.a(_udivsi3.o)
 .data          0x20000598        0x0 /usr/lib/gcc/arm-none-eabi/14.2.1/libgcc.a(_dvmd_tls.o)
 .data          0x20000598        0x0 /usr/lib/gcc/arm-none-eabi/14.2.1/crtend.o
 .data          0x20000598        0x0 /usr/lib/gcc/arm-none-eabi/14.2.1/crtn.o
 *(.data*)
                0x20000598                        . = ALIGN (0x4)
                0x20000598                        __data_end__ = .

.tm_clone_table
                0x20000598        0x0 load address 0x00002574
 .tm_clone_table
                0x20000598        0x0 /usr/lib/gcc/arm-none-eabi/14.2.1/crtbegin.o
 .tm_clone_table
                0x20000598        0x0 /usr/lib/gcc/arm-none-eabi/14.2.1/crtend.o

.igot.plt       0x20000598        0x0 load address 0x00002574
 .igot.plt      0x20000598        0x0 /usr/lib/gcc/arm-none-eabi/14.2.1/crtbegin.o

.bss            0x20000598      0x330
                0x20000598                        __bss_start__ = .
 *(.shbss)
 *(.bss)
 .bss           0x20000598        0x0 /usr/lib/gcc/arm-none-eabi/14.2.1/crti.o
 .bss           0x20000598       0x1c /usr/lib/gcc/arm-none-eabi/14.2.1/crtbegin.o
 .bss           0x200005b4        0x0 /usr/lib/gcc/arm-none-eabi/14.2.1/../../../arm-none-eabi/lib/crt0.o
 .bss           0x200005b4        0x5 /tmp/ccuRXNwP.o
                0x200005b8                g4
 *fill*         0x200005b9        0x3 
 .bss           0x200005bc        0x4 /tmp/ccVgmFSY.o
 .bss           0x200005c0        0x0 /usr/lib/gcc/arm-none-eabi/14.2.1/../../../arm-none-eabi/lib/libc.a(libc_a-memset.o)
 .bss           0x200005c0        0x0 /usr/lib/gcc/arm-none-eabi/14.2.1/../../../arm-none-eabi/lib/libc.a(libc_a-fini.o)
 .bss           0x200005c0        0x0 /usr/lib/gcc/arm-none-eabi/14.2.1/../../../arm-none-eabi/lib/libc.a(libc_a-malloc.o)
 .bss           0x200005c0        0x0 /usr/lib/gcc/arm-none-eabi/14.2.1/../../../arm-none-eabi/lib/libc.a(libc_a-exit.o)
 .bss           0x200005c0        0x0 /usr/lib/gcc/arm-none-eabi/14.2.1/../../../arm-none-eabi/lib/libc.a(libc_a-atexit.o)
 .bss           0x200005c0        0x0 /usr/lib/gcc/arm-none-eabi/14.2.1/../../../arm-none-eabi/lib/libc.a(libc_a-init.o)
 .bss           0x200005c0        0x0 /usr/lib/gcc/arm-none-eabi/14.2.1/../../../arm-none-eabi/lib/libc.a(libc_a-impure.o)
 .bss           0x200005c0      0x13c /usr/lib/gcc/arm-none-eabi/14.2.1/../../../arm-none-eabi/lib/libc.a(libc_a-findfp.o)
                0x200005c0                __sf
                0x200006f8                __stdio_exit_handler
 .bss           0x200006fc        0x0 /usr/lib/gcc/arm-none-eabi/14.2.1/../../../arm-none-eabi/lib/libc.a(libc_a-fclose.o)
 .bss           0x200006fc       0x34 /usr/lib/gcc/arm-none-eabi/14.2.1/../../../arm-none-eabi/lib/libc.a(libc_a-mallocr.o)
                0x200006fc                __malloc_top_pad
                0x20000700                __malloc_current_mallinfo
                0x20000728                __malloc_max_sbrked_mem
                0x2000072c                __malloc_max_total_mem
 .bss           0x20000730        0x0 /usr/lib/gcc/arm-none-eabi/14.2.1/../../../arm-none-eabi/lib/libc.a(libc_a-freer.o)
 .bss           0x20000730        0x4 /usr/lib/gcc/arm-none-eabi/14.2.1/../../../arm-none-eabi/lib/libc.a(libc_a-__call_atexit.o)
                0x20000730                __atexit
 .bss           0x20000734      0x190 /usr/lib/gcc/arm-none-eabi/14.2.1/../../../arm-none-eabi/lib/libc.a(libc_a-__atexit.o)
                0x20000734                __atexit0
 .bss           0x200008c4        0x0 /usr/lib/gcc/arm-none-eabi/14.2.1/../../../arm-none-eabi/lib/libc.a(libc_a-mlock.o)
 .bss           0x200008c4        0x0 /usr/lib/gcc/arm-none-eabi/14.2.1/../../../arm-none-eabi/lib/libc.a(libc_a-sbrkr.o)
 .bss           0x200008c4        0x0 /usr/lib/gcc/arm-none-eabi/14.2.1/../../../arm-none-eabi/lib/libc.a(libc_a-stdio.o)
 .bss           0x200008c4        0x0 /usr/lib/gcc/arm-none-eabi/14.2.1/../../../arm-none-eabi/lib/libc.a(libc_a-fflush.o)
 .bss           0x200008c4        0x0 /usr/lib/gcc/arm-none-eabi/14.2.1/../../../arm-none-eabi/lib/libc.a(libc_a-fwalk.o)
 .bss           0x200008c4        0x0 /usr/lib/gcc/arm-none-eabi/14.2.1/../../../arm-none-eabi/lib/libc.a(libc_a-sysconf.o)
 .bss           0x200008c4        0x4 /usr/lib/gcc/arm-none-eabi/14.2.1/../../../arm-none-eabi/lib/libc.a(libc_a-reent.o)
                0x200008c4                errno
 .bss           0x200008c8        0x0 /usr/lib/gcc/arm-none-eabi/14.2.1/../../../arm-none-eabi/lib/libc.a(libc_a-errno.o)
 .bss           0x200008c8        0x0 /usr/lib/gcc/arm-none-eabi/14.2.1/../../../arm-none-eabi/lib/libc.a(libc_a-writer.o)
 .bss           0x200008c8        0x0 /usr/lib/gcc/arm-none-eabi/14.2.1/../../../arm-none-eabi/lib/libc.a(libc_a-closer.o)
 .bss           0x200008c8        0x0 /usr/lib/gcc/arm-none-eabi/14.2.1/../../../arm-none-eabi/lib/libc.a(libc_a-lseekr.o)
 .bss           0x200008c8        0x0 /usr/lib/gcc/arm-none-eabi/14.2.1/../../../arm-none-eabi/lib/libc.a(libc_a-readr.o)
 .bss           0x200008c8        0x0 /usr/lib/gcc/arm-none-eabi/14.2.1/libgcc.a(_udivsi3.o)
 .bss           0x200008c8        0x0 /usr/lib/gcc/arm-none-eabi/14.2.1/libgcc.a(_dvmd_tls.o)
 .bss           0x200008c8        0x0 /usr/lib/gcc/arm-none-eabi/14.2.1/crtend.o
 .bss           0x200008c8        0x0 /usr/lib/gcc/arm-none-eabi/14.2.1/crtn.o
 *(.bss.*)
 *(COMMON)
                0x200008c8                        . = ALIGN (0x4)
                0x200008c8                        __bss_end__ = .

.heap           0x200008c8        0x0
                0x200008c8                        __heap_start__ = .
                0x200008c8                        end = __heap_start__
                0x200008c8                        _end = end
                0x200008c8                        __end = end
 *(.heap)
                0x200008c8                        __heap_end__ = .
                0x200008c8                        __HeapLimit = __heap_end__

.stack          0x200008c8        0x0
                0x200008c8                        _stack = .
                0x200008c8                        __stack = .
 *(.stack)
OUTPUT(main.out elf32-littlearm)
LOAD linker stubs

.ARM.attributes
                0x00000000       0x26
 .ARM.attributes
                0x00000000       0x1c /usr/lib/gcc/arm-none-eabi/14.2.1/crti.o
 .ARM.attributes
                0x0000001c       0x2a /usr/lib/gcc/arm-none-eabi/14.2.1/crtbegin.o
 .ARM.attributes
                0x00000046       0x1a /usr/lib/gcc/arm-none-eabi/14.2.1/../../../arm-none-eabi/lib/crt0.o
 .ARM.attributes
                0x00000060       0x2a /tmp/ccuRXNwP.o
 .ARM.attributes
                0x0000008a       0x2a /tmp/ccVgmFSY.o
 .ARM.attributes
                0x000000b4       0x2a /usr/lib/gcc/arm-none-eabi/14.2.1/../../../arm-none-eabi/lib/libc.a(libc_a-memset.o)
 .ARM.attributes
                0x000000de       0x2a /usr/lib/gcc/arm-none-eabi/14.2.1/../../../arm-none-eabi/lib/libc.a(libc_a-fini.o)
 .ARM.attributes
                0x00000108       0x2a /usr/lib/gcc/arm-none-eabi/14.2.1/../../../arm-none-eabi/lib/libc.a(libc_a-malloc.o)
 .ARM.attributes
                0x00000132       0x2a /usr/lib/gcc/arm-none-eabi/14.2.1/../../../arm-none-eabi/lib/libc.a(libc_a-exit.o)
 .ARM.attributes
                0x0000015c       0x2a /usr/lib/gcc/arm-none-eabi/14.2.1/../../../arm-none-eabi/lib/libc.a(libc_a-atexit.o)
 .ARM.attributes
                0x00000186       0x2a /usr/lib/gcc/arm-none-eabi/14.2.1/../../../arm-none-eabi/lib/libc.a(libc_a-init.o)
 .ARM.attributes
                0x000001b0       0x2a /usr/lib/gcc/arm-none-eabi/14.2.1/../../../arm-none-eabi/lib/libc.a(libc_a-impure.o)
 .ARM.attributes
                0x000001da       0x2a /usr/lib/gcc/arm-none-eabi/14.2.1/../../../arm-none-eabi/lib/libc.a(libc_a-findfp.o)
 .ARM.attributes
                0x00000204       0x2a /usr/lib/gcc/arm-none-eabi/14.2.1/../../../arm-none-eabi/lib/libc.a(libc_a-fclose.o)
 .ARM.attributes
                0x0000022e       0x2a /usr/lib/gcc/arm-none-eabi/14.2.1/../../../arm-none-eabi/lib/libc.a(libc_a-mallocr.o)
 .ARM.attributes
                0x00000258       0x2a /usr/lib/gcc/arm-none-eabi/14.2.1/../../../arm-none-eabi/lib/libc.a(libc_a-freer.o)
 .ARM.attributes
                0x00000282       0x2a /usr/lib/gcc/arm-none-eabi/14.2.1/../../../arm-none-eabi/lib/libc.a(libc_a-__call_atexit.o)
 .ARM.attributes
                0x000002ac       0x2a /usr/lib/gcc/arm-none-eabi/14.2.1/../../../arm-none-eabi/lib/libc.a(libc_a-__atexit.o)
 .ARM.attributes
                0x000002d6       0x2a /usr/lib/gcc/arm-none-eabi/14.2.1/../../../arm-none-eabi/lib/libc.a(libc_a-mlock.o)
 .ARM.attributes
                0x00000300       0x2a /usr/lib/gcc/arm-none-eabi/14.2.1/../../../arm-none-eabi/lib/libc.a(libc_a-sbrkr.o)
 .ARM.attributes
                0x0000032a       0x2a /usr/lib/gcc/arm-none-eabi/14.2.1/../../../arm-none-eabi/lib/libc.a(libc_a-stdio.o)
 .ARM.attributes
                0x00000354       0x2a /usr/lib/gcc/arm-none-eabi/14.2.1/../../../arm-none-eabi/lib/libc.a(libc_a-fflush.o)
 .ARM.attributes
                0x0000037e       0x2a /usr/lib/gcc/arm-none-eabi/14.2.1/../../../arm-none-eabi/lib/libc.a(libc_a-fwalk.o)
 .ARM.attributes
                0x000003a8       0x2a /usr/lib/gcc/arm-none-eabi/14.2.1/../../../arm-none-eabi/lib/libc.a(libc_a-sysconf.o)
 .ARM.attributes
                0x000003d2       0x2a /usr/lib/gcc/arm-none-eabi/14.2.1/../../../arm-none-eabi/lib/libc.a(libc_a-reent.o)
 .ARM.attributes
                0x000003fc       0x2a /usr/lib/gcc/arm-none-eabi/14.2.1/../../../arm-none-eabi/lib/libc.a(libc_a-errno.o)
 .ARM.attributes
                0x00000426       0x2a /usr/lib/gcc/arm-none-eabi/14.2.1/../../../arm-none-eabi/lib/libc.a(libc_a-writer.o)
 .ARM.attributes
                0x00000450       0x2a /usr/lib/gcc/arm-none-eabi/14.2.1/../../../arm-none-eabi/lib/libc.a(libc_a-closer.o)
 .ARM.attributes
                0x0000047a       0x2a /usr/lib/gcc/arm-none-eabi/14.2.1/../../../arm-none-eabi/lib/libc.a(libc_a-lseekr.o)
 .ARM.attributes
                0x000004a4       0x2a /usr/lib/gcc/arm-none-eabi/14.2.1/../../../arm-none-eabi/lib/libc.a(libc_a-readr.o)
 .ARM.attributes
                0x000004ce       0x1c /usr/lib/gcc/arm-none-eabi/14.2.1/libgcc.a(_udivsi3.o)
 .ARM.attributes
                0x000004ea       0x1c /usr/lib/gcc/arm-none-eabi/14.2.1/libgcc.a(_dvmd_tls.o)
 .ARM.attributes
                0x00000506       0x2a /usr/lib/gcc/arm-none-eabi/14.2.1/crtend.o
 .ARM.attributes
                0x00000530       0x1c /usr/lib/gcc/arm-none-eabi/14.2.1/crtn.o

.comment        0x00000000       0x4c
 .comment       0x00000000       0x4c /usr/lib/gcc/arm-none-eabi/14.2.1/crtbegin.o
                                 0x27 (size before relaxing)
 .comment       0x0000004c       0x27 /tmp/ccuRXNwP.o
 .comment       0x0000004c       0x27 /tmp/ccVgmFSY.o
 .comment       0x0000004c       0x27 /usr/lib/gcc/arm-none-eabi/14.2.1/../../../arm-none-eabi/lib/libc.a(libc_a-memset.o)
 .comment       0x0000004c       0x27 /usr/lib/gcc/arm-none-eabi/14.2.1/../../../arm-none-eabi/lib/libc.a(libc_a-fini.o)
 .comment       0x0000004c       0x27 /usr/lib/gcc/arm-none-eabi/14.2.1/../../../arm-none-eabi/lib/libc.a(libc_a-malloc.o)
 .comment       0x0000004c       0x27 /usr/lib/gcc/arm-none-eabi/14.2.1/../../../arm-none-eabi/lib/libc.a(libc_a-exit.o)
 .comment       0x0000004c       0x27 /usr/lib/gcc/arm-none-eabi/14.2.1/../../../arm-none-eabi/lib/libc.a(libc_a-atexit.o)
 .comment       0x0000004c       0x27 /usr/lib/gcc/arm-none-eabi/14.2.1/../../../arm-none-eabi/lib/libc.a(libc_a-init.o)
 .comment       0x0000004c       0x27 /usr/lib/gcc/arm-none-eabi/14.2.1/../../../arm-none-eabi/lib/libc.a(libc_a-impure.o)
 .comment       0x0000004c       0x27 /usr/lib/gcc/arm-none-eabi/14.2.1/../../../arm-none-eabi/lib/libc.a(libc_a-findfp.o)
 .comment       0x0000004c       0x27 /usr/lib/gcc/arm-none-eabi/14.2.1/../../../arm-none-eabi/lib/libc.a(libc_a-fclose.o)
 .comment       0x0000004c       0x27 /usr/lib/gcc/arm-none-eabi/14.2.1/../../../arm-none-eabi/lib/libc.a(libc_a-mallocr.o)
 .comment       0x0000004c       0x27 /usr/lib/gcc/arm-none-eabi/14.2.1/../../../arm-none-eabi/lib/libc.a(libc_a-freer.o)
 .comment       0x0000004c       0x27 /usr/lib/gcc/arm-none-eabi/14.2.1/../../../arm-none-eabi/lib/libc.a(libc_a-__call_atexit.o)
 .comment       0x0000004c       0x27 /usr/lib/gcc/arm-none-eabi/14.2.1/../../../arm-none-eabi/lib/libc.a(libc_a-__atexit.o)
 .comment       0x0000004c       0x27 /usr/lib/gcc/arm-none-eabi/14.2.1/../../../arm-none-eabi/lib/libc.a(libc_a-mlock.o)
 .comment       0x0000004c       0x27 /usr/lib/gcc/arm-none-eabi/14.2.1/../../../arm-none-eabi/lib/libc.a(libc_a-sbrkr.o)
 .comment       0x0000004c       0x27 /usr/lib/gcc/arm-none-eabi/14.2.1/../../../arm-none-eabi/lib/libc.a(libc_a-stdio.o)
 .comment       0x0000004c       0x27 /usr/lib/gcc/arm-none-eabi/14.2.1/../../../arm-none-eabi/lib/libc.a(libc_a-fflush.o)
 .comment       0x0000004c       0x27 /usr/lib/gcc/arm-none-eabi/14.2.1/../../../arm-none-eabi/lib/libc.a(libc_a-fwalk.o)
 .comment       0x0000004c       0x27 /usr/lib/gcc/arm-none-eabi/14.2.1/../../../arm-none-eabi/lib/libc.a(libc_a-sysconf.o)
 .comment       0x0000004c       0x27 /usr/lib/gcc/arm-none-eabi/14.2.1/../../../arm-none-eabi/lib/libc.a(libc_a-reent.o)
 .comment       0x0000004c       0x27 /usr/lib/gcc/arm-none-eabi/14.2.1/../../../arm-none-eabi/lib/libc.a(libc_a-errno.o)
 .comment       0x0000004c       0x27 /usr/lib/gcc/arm-none-eabi/14.2.1/../../../arm-none-eabi/lib/libc.a(libc_a-writer.o)
 .comment       0x0000004c       0x27 /usr/lib/gcc/arm-none-eabi/14.2.1/../../../arm-none-eabi/lib/libc.a(libc_a-closer.o)
 .comment       0x0000004c       0x27 /usr/lib/gcc/arm-none-eabi/14.2.1/../../../arm-none-eabi/lib/libc.a(libc_a-lseekr.o)
 .comment       0x0000004c       0x27 /usr/lib/gcc/arm-none-eabi/14.2.1/../../../arm-none-eabi/lib/libc.a(libc_a-readr.o)
 .comment       0x0000004c       0x27 /usr/lib/gcc/arm-none-eabi/14.2.1/crtend.o

.debug_line     0x00000000     0x3774
 .debug_line    0x00000000       0x9c /usr/lib/gcc/arm-none-eabi/14.2.1/../../../arm-none-eabi/lib/crt0.o
 .debug_line    0x0000009c      0x1b9 /usr/lib/gcc/arm-none-eabi/14.2.1/../../../arm-none-eabi/lib/libc.a(libc_a-memset.o)
 .debug_line    0x00000255       0xc7 /usr/lib/gcc/arm-none-eabi/14.2.1/../../../arm-none-eabi/lib/libc.a(libc_a-fini.o)
 .debug_line    0x0000031c      0x166 /usr/lib/gcc/arm-none-eabi/14.2.1/../../../arm-none-eabi/lib/libc.a(libc_a-malloc.o)
 .debug_line    0x00000482      0x130 /usr/lib/gcc/arm-none-eabi/14.2.1/../../../arm-none-eabi/lib/libc.a(libc_a-exit.o)
 .debug_line    0x000005b2       0xbf /usr/lib/gcc/arm-none-eabi/14.2.1/../../../arm-none-eabi/lib/libc.a(libc_a-atexit.o)
 .debug_line    0x00000671      0x110 /usr/lib/gcc/arm-none-eabi/14.2.1/../../../arm-none-eabi/lib/libc.a(libc_a-init.o)
 .debug_line    0x00000781       0xde /usr/lib/gcc/arm-none-eabi/14.2.1/../../../arm-none-eabi/lib/libc.a(libc_a-impure.o)
 .debug_line    0x0000085f      0x572 /usr/lib/gcc/arm-none-eabi/14.2.1/../../../arm-none-eabi/lib/libc.a(libc_a-findfp.o)
 .debug_line    0x00000dd1      0x249 /usr/lib/gcc/arm-none-eabi/14.2.1/../../../arm-none-eabi/lib/libc.a(libc_a-fclose.o)
 .debug_line    0x0000101a      0x8a5 /usr/lib/gcc/arm-none-eabi/14.2.1/../../../arm-none-eabi/lib/libc.a(libc_a-mallocr.o)
 .debug_line    0x000018bf      0x545 /usr/lib/gcc/arm-none-eabi/14.2.1/../../../arm-none-eabi/lib/libc.a(libc_a-freer.o)
 .debug_line    0x00001e04      0x27c /usr/lib/gcc/arm-none-eabi/14.2.1/../../../arm-none-eabi/lib/libc.a(libc_a-__call_atexit.o)
 .debug_line    0x00002080      0x13e /usr/lib/gcc/arm-none-eabi/14.2.1/../../../arm-none-eabi/lib/libc.a(libc_a-__atexit.o)
 .debug_line    0x000021be      0x14a /usr/lib/gcc/arm-none-eabi/14.2.1/../../../arm-none-eabi/lib/libc.a(libc_a-mlock.o)
 .debug_line    0x00002308      0x18e /usr/lib/gcc/arm-none-eabi/14.2.1/../../../arm-none-eabi/lib/libc.a(libc_a-sbrkr.o)
 .debug_line    0x00002496      0x220 /usr/lib/gcc/arm-none-eabi/14.2.1/../../../arm-none-eabi/lib/libc.a(libc_a-stdio.o)
 .debug_line    0x000026b6      0x458 /usr/lib/gcc/arm-none-eabi/14.2.1/../../../arm-none-eabi/lib/libc.a(libc_a-fflush.o)
 .debug_line    0x00002b0e      0x1c0 /usr/lib/gcc/arm-none-eabi/14.2.1/../../../arm-none-eabi/lib/libc.a(libc_a-fwalk.o)
 .debug_line    0x00002cce       0xea /usr/lib/gcc/arm-none-eabi/14.2.1/../../../arm-none-eabi/lib/libc.a(libc_a-sysconf.o)
 .debug_line    0x00002db8      0x1ea /usr/lib/gcc/arm-none-eabi/14.2.1/../../../arm-none-eabi/lib/libc.a(libc_a-reent.o)
 .debug_line    0x00002fa2      0x103 /usr/lib/gcc/arm-none-eabi/14.2.1/../../../arm-none-eabi/lib/libc.a(libc_a-errno.o)
 .debug_line    0x000030a5      0x187 /usr/lib/gcc/arm-none-eabi/14.2.1/../../../arm-none-eabi/lib/libc.a(libc_a-writer.o)
 .debug_line    0x0000322c      0x18a /usr/lib/gcc/arm-none-eabi/14.2.1/../../../arm-none-eabi/lib/libc.a(libc_a-closer.o)
 .debug_line    0x000033b6      0x187 /usr/lib/gcc/arm-none-eabi/14.2.1/../../../arm-none-eabi/lib/libc.a(libc_a-lseekr.o)
 .debug_line    0x0000353d      0x186 /usr/lib/gcc/arm-none-eabi/14.2.1/../../../arm-none-eabi/lib/libc.a(libc_a-readr.o)
 .debug_line    0x000036c3       0x67 /usr/lib/gcc/arm-none-eabi/14.2.1/libgcc.a(_udivsi3.o)
 .debug_line    0x0000372a       0x4a /usr/lib/gcc/arm-none-eabi/14.2.1/libgcc.a(_dvmd_tls.o)

.debug_line_str
                0x00000000       0xe3
 .debug_line_str
                0x00000000       0xe3 /usr/lib/gcc/arm-none-eabi/14.2.1/../../../arm-none-eabi/lib/crt0.o
                                 0x65 (size before relaxing)
 .debug_line_str
                0x000000e3       0x7e /usr/lib/gcc/arm-none-eabi/14.2.1/libgcc.a(_udivsi3.o)
 .debug_line_str
                0x000000e3       0x7e /usr/lib/gcc/arm-none-eabi/14.2.1/libgcc.a(_dvmd_tls.o)

.debug_info     0x00000000     0xa560
 .debug_info    0x00000000       0x25 /usr/lib/gcc/arm-none-eabi/14.2.1/../../../arm-none-eabi/lib/crt0.o
 .debug_info    0x00000025      0x135 /usr/lib/gcc/arm-none-eabi/14.2.1/../../../arm-none-eabi/lib/libc.a(libc_a-memset.o)
 .debug_info    0x0000015a       0xf7 /usr/lib/gcc/arm-none-eabi/14.2.1/../../../arm-none-eabi/lib/libc.a(libc_a-fini.o)
 .debug_info    0x00000251      0x7d1 /usr/lib/gcc/arm-none-eabi/14.2.1/../../../arm-none-eabi/lib/libc.a(libc_a-malloc.o)
 .debug_info    0x00000a22      0x10a /usr/lib/gcc/arm-none-eabi/14.2.1/../../../arm-none-eabi/lib/libc.a(libc_a-exit.o)
 .debug_info    0x00000b2c      0x11e /usr/lib/gcc/arm-none-eabi/14.2.1/../../../arm-none-eabi/lib/libc.a(libc_a-atexit.o)
 .debug_info    0x00000c4a      0x10b /usr/lib/gcc/arm-none-eabi/14.2.1/../../../arm-none-eabi/lib/libc.a(libc_a-init.o)
 .debug_info    0x00000d55      0x746 /usr/lib/gcc/arm-none-eabi/14.2.1/../../../arm-none-eabi/lib/libc.a(libc_a-impure.o)
 .debug_info    0x0000149b      0xec4 /usr/lib/gcc/arm-none-eabi/14.2.1/../../../arm-none-eabi/lib/libc.a(libc_a-findfp.o)
 .debug_info    0x0000235f      0x903 /usr/lib/gcc/arm-none-eabi/14.2.1/../../../arm-none-eabi/lib/libc.a(libc_a-fclose.o)
 .debug_info    0x00002c62      0xcfb /usr/lib/gcc/arm-none-eabi/14.2.1/../../../arm-none-eabi/lib/libc.a(libc_a-mallocr.o)
 .debug_info    0x0000395d      0xb67 /usr/lib/gcc/arm-none-eabi/14.2.1/../../../arm-none-eabi/lib/libc.a(libc_a-freer.o)
 .debug_info    0x000044c4      0x280 /usr/lib/gcc/arm-none-eabi/14.2.1/../../../arm-none-eabi/lib/libc.a(libc_a-__call_atexit.o)
 .debug_info    0x00004744      0x1fd /usr/lib/gcc/arm-none-eabi/14.2.1/../../../arm-none-eabi/lib/libc.a(libc_a-__atexit.o)
 .debug_info    0x00004941      0x757 /usr/lib/gcc/arm-none-eabi/14.2.1/../../../arm-none-eabi/lib/libc.a(libc_a-mlock.o)
 .debug_info    0x00005098      0x7b3 /usr/lib/gcc/arm-none-eabi/14.2.1/../../../arm-none-eabi/lib/libc.a(libc_a-sbrkr.o)
 .debug_info    0x0000584b      0xaad /usr/lib/gcc/arm-none-eabi/14.2.1/../../../arm-none-eabi/lib/libc.a(libc_a-stdio.o)
 .debug_info    0x000062f8      0xa65 /usr/lib/gcc/arm-none-eabi/14.2.1/../../../arm-none-eabi/lib/libc.a(libc_a-fflush.o)
 .debug_info    0x00006d5d      0x801 /usr/lib/gcc/arm-none-eabi/14.2.1/../../../arm-none-eabi/lib/libc.a(libc_a-fwalk.o)
 .debug_info    0x0000755e       0xc1 /usr/lib/gcc/arm-none-eabi/14.2.1/../../../arm-none-eabi/lib/libc.a(libc_a-sysconf.o)
 .debug_info    0x0000761f      0x84e /usr/lib/gcc/arm-none-eabi/14.2.1/../../../arm-none-eabi/lib/libc.a(libc_a-reent.o)
 .debug_info    0x00007e6d      0x72c /usr/lib/gcc/arm-none-eabi/14.2.1/../../../arm-none-eabi/lib/libc.a(libc_a-errno.o)
 .debug_info    0x00008599      0x7f6 /usr/lib/gcc/arm-none-eabi/14.2.1/../../../arm-none-eabi/lib/libc.a(libc_a-writer.o)
 .debug_info    0x00008d8f      0x78e /usr/lib/gcc/arm-none-eabi/14.2.1/../../../arm-none-eabi/lib/libc.a(libc_a-closer.o)
 .debug_info    0x0000951d      0x7d9 /usr/lib/gcc/arm-none-eabi/14.2.1/../../../arm-none-eabi/lib/libc.a(libc_a-lseekr.o)
 .debug_info    0x00009cf6      0x7f0 /usr/lib/gcc/arm-none-eabi/14.2.1/../../../arm-none-eabi/lib/libc.a(libc_a-readr.o)
 .debug_info    0x0000a4e6       0x3e /usr/lib/gcc/arm-none-eabi/14.2.1/libgcc.a(_udivsi3.o)
 .debug_info    0x0000a524       0x3c /usr/lib/gcc/arm-none-eabi/14.2.1/libgcc.a(_dvmd_tls.o)

.debug_abbrev   0x00000000     0x2ebf
 .debug_abbrev  0x00000000       0x14 /usr/lib/gcc/arm-none-eabi/14.2.1/../../../arm-none-eabi/lib/crt0.o
 .debug_abbrev  0x00000014       0xb7 /usr/lib/gcc/arm-none-eabi/14.2.1/../../../arm-none-eabi/lib/libc.a(libc_a-memset.o)
 .debug_abbrev  0x000000cb       0xc9 /usr/lib/gcc/arm-none-eabi/14.2.1/../../../arm-none-eabi/lib/libc.a(libc_a-fini.o)
 .debug_abbrev  0x00000194      0x208 /usr/lib/gcc/arm-none-eabi/14.2.1/../../../arm-none-eabi/lib/libc.a(libc_a-malloc.o)
 .debug_abbrev  0x0000039c       0xd5 /usr/lib/gcc/arm-none-eabi/14.2.1/../../../arm-none-eabi/lib/libc.a(libc_a-exit.o)
 .debug_abbrev  0x00000471       0xbe /usr/lib/gcc/arm-none-eabi/14.2.1/../../../arm-none-eabi/lib/libc.a(libc_a-atexit.o)
 .debug_abbrev  0x0000052f       0xc9 /usr/lib/gcc/arm-none-eabi/14.2.1/../../../arm-none-eabi/lib/libc.a(libc_a-init.o)
 .debug_abbrev  0x000005f8      0x185 /usr/lib/gcc/arm-none-eabi/14.2.1/../../../arm-none-eabi/lib/libc.a(libc_a-impure.o)
 .debug_abbrev  0x0000077d      0x43a /usr/lib/gcc/arm-none-eabi/14.2.1/../../../arm-none-eabi/lib/libc.a(libc_a-findfp.o)
 .debug_abbrev  0x00000bb7      0x2ed /usr/lib/gcc/arm-none-eabi/14.2.1/../../../arm-none-eabi/lib/libc.a(libc_a-fclose.o)
 .debug_abbrev  0x00000ea4      0x2d7 /usr/lib/gcc/arm-none-eabi/14.2.1/../../../arm-none-eabi/lib/libc.a(libc_a-mallocr.o)
 .debug_abbrev  0x0000117b      0x289 /usr/lib/gcc/arm-none-eabi/14.2.1/../../../arm-none-eabi/lib/libc.a(libc_a-freer.o)
 .debug_abbrev  0x00001404      0x1d1 /usr/lib/gcc/arm-none-eabi/14.2.1/../../../arm-none-eabi/lib/libc.a(libc_a-__call_atexit.o)
 .debug_abbrev  0x000015d5      0x157 /usr/lib/gcc/arm-none-eabi/14.2.1/../../../arm-none-eabi/lib/libc.a(libc_a-__atexit.o)
 .debug_abbrev  0x0000172c      0x1ce /usr/lib/gcc/arm-none-eabi/14.2.1/../../../arm-none-eabi/lib/libc.a(libc_a-mlock.o)
 .debug_abbrev  0x000018fa      0x216 /usr/lib/gcc/arm-none-eabi/14.2.1/../../../arm-none-eabi/lib/libc.a(libc_a-sbrkr.o)
 .debug_abbrev  0x00001b10      0x242 /usr/lib/gcc/arm-none-eabi/14.2.1/../../../arm-none-eabi/lib/libc.a(libc_a-stdio.o)
 .debug_abbrev  0x00001d52      0x339 /usr/lib/gcc/arm-none-eabi/14.2.1/../../../arm-none-eabi/lib/libc.a(libc_a-fflush.o)
 .debug_abbrev  0x0000208b      0x1d9 /usr/lib/gcc/arm-none-eabi/14.2.1/../../../arm-none-eabi/lib/libc.a(libc_a-fwalk.o)
 .debug_abbrev  0x00002264       0x80 /usr/lib/gcc/arm-none-eabi/14.2.1/../../../arm-none-eabi/lib/libc.a(libc_a-sysconf.o)
 .debug_abbrev  0x000022e4      0x22a /usr/lib/gcc/arm-none-eabi/14.2.1/../../../arm-none-eabi/lib/libc.a(libc_a-reent.o)
 .debug_abbrev  0x0000250e      0x19a /usr/lib/gcc/arm-none-eabi/14.2.1/../../../arm-none-eabi/lib/libc.a(libc_a-errno.o)
 .debug_abbrev  0x000026a8      0x1f1 /usr/lib/gcc/arm-none-eabi/14.2.1/../../../arm-none-eabi/lib/libc.a(libc_a-writer.o)
 .debug_abbrev  0x00002899      0x1ec /usr/lib/gcc/arm-none-eabi/14.2.1/../../../arm-none-eabi/lib/libc.a(libc_a-closer.o)
 .debug_abbrev  0x00002a85      0x200 /usr/lib/gcc/arm-none-eabi/14.2.1/../../../arm-none-eabi/lib/libc.a(libc_a-lseekr.o)
 .debug_abbrev  0x00002c85      0x1ec /usr/lib/gcc/arm-none-eabi/14.2.1/../../../arm-none-eabi/lib/libc.a(libc_a-readr.o)
 .debug_abbrev  0x00002e71       0x28 /usr/lib/gcc/arm-none-eabi/14.2.1/libgcc.a(_udivsi3.o)
 .debug_abbrev  0x00002e99       0x26 /usr/lib/gcc/arm-none-eabi/14.2.1/libgcc.a(_dvmd_tls.o)

.debug_aranges  0x00000000      0x380
 .debug_aranges
                0x00000000       0x20 /usr/lib/gcc/arm-none-eabi/14.2.1/../../../arm-none-eabi/lib/crt0.o
 .debug_aranges
                0x00000020       0x20 /usr/lib/gcc/arm-none-eabi/14.2.1/../../../arm-none-eabi/lib/libc.a(libc_a-memset.o)
 .debug_aranges
                0x00000040       0x20 /usr/lib/gcc/arm-none-eabi/14.2.1/../../../arm-none-eabi/lib/libc.a(libc_a-fini.o)
 .debug_aranges
                0x00000060       0x20 /usr/lib/gcc/arm-none-eabi/14.2.1/../../../arm-none-eabi/lib/libc.a(libc_a-malloc.o)
 .debug_aranges
                0x00000080       0x20 /usr/lib/gcc/arm-none-eabi/14.2.1/../../../arm-none-eabi/lib/libc.a(libc_a-exit.o)
 .debug_aranges
                0x000000a0       0x20 /usr/lib/gcc/arm-none-eabi/14.2.1/../../../arm-none-eabi/lib/libc.a(libc_a-atexit.o)
 .debug_aranges
                0x000000c0       0x20 /usr/lib/gcc/arm-none-eabi/14.2.1/../../../arm-none-eabi/lib/libc.a(libc_a-init.o)
 .debug_aranges
                0x000000e0       0x18 /usr/lib/gcc/arm-none-eabi/14.2.1/../../../arm-none-eabi/lib/libc.a(libc_a-impure.o)
 .debug_aranges
                0x000000f8       0x20 /usr/lib/gcc/arm-none-eabi/14.2.1/../../../arm-none-eabi/lib/libc.a(libc_a-findfp.o)
 .debug_aranges
                0x00000118       0x20 /usr/lib/gcc/arm-none-eabi/14.2.1/../../../arm-none-eabi/lib/libc.a(libc_a-fclose.o)
 .debug_aranges
                0x00000138       0x20 /usr/lib/gcc/arm-none-eabi/14.2.1/../../../arm-none-eabi/lib/libc.a(libc_a-mallocr.o)
 .debug_aranges
                0x00000158       0x20 /usr/lib/gcc/arm-none-eabi/14.2.1/../../../arm-none-eabi/lib/libc.a(libc_a-freer.o)
 .debug_aranges
                0x00000178       0x28 /usr/lib/gcc/arm-none-eabi/14.2.1/../../../arm-none-eabi/lib/libc.a(libc_a-__call_atexit.o)
 .debug_aranges
                0x000001a0       0x20 /usr/lib/gcc/arm-none-eabi/14.2.1/../../../arm-none-eabi/lib/libc.a(libc_a-__atexit.o)
 .debug_aranges
                0x000001c0       0x20 /usr/lib/gcc/arm-none-eabi/14.2.1/../../../arm-none-eabi/lib/libc.a(libc_a-mlock.o)
 .debug_aranges
                0x000001e0       0x20 /usr/lib/gcc/arm-none-eabi/14.2.1/../../../arm-none-eabi/lib/libc.a(libc_a-sbrkr.o)
 .debug_aranges
                0x00000200       0x20 /usr/lib/gcc/arm-none-eabi/14.2.1/../../../arm-none-eabi/lib/libc.a(libc_a-stdio.o)
 .debug_aranges
                0x00000220       0x20 /usr/lib/gcc/arm-none-eabi/14.2.1/../../../arm-none-eabi/lib/libc.a(libc_a-fflush.o)
 .debug_aranges
                0x00000240       0x20 /usr/lib/gcc/arm-none-eabi/14.2.1/../../../arm-none-eabi/lib/libc.a(libc_a-fwalk.o)
 .debug_aranges
                0x00000260       0x20 /usr/lib/gcc/arm-none-eabi/14.2.1/../../../arm-none-eabi/lib/libc.a(libc_a-sysconf.o)
 .debug_aranges
                0x00000280       0x20 /usr/lib/gcc/arm-none-eabi/14.2.1/../../../arm-none-eabi/lib/libc.a(libc_a-reent.o)
 .debug_aranges
                0x000002a0       0x20 /usr/lib/gcc/arm-none-eabi/14.2.1/../../../arm-none-eabi/lib/libc.a(libc_a-errno.o)
 .debug_aranges
                0x000002c0       0x20 /usr/lib/gcc/arm-none-eabi/14.2.1/../../../arm-none-eabi/lib/libc.a(libc_a-writer.o)
 .debug_aranges
                0x000002e0       0x20 /usr/lib/gcc/arm-none-eabi/14.2.1/../../../arm-none-eabi/lib/libc.a(libc_a-closer.o)
 .debug_aranges
                0x00000300       0x20 /usr/lib/gcc/arm-none-eabi/14.2.1/../../../arm-none-eabi/lib/libc.a(libc_a-lseekr.o)
 .debug_aranges
                0x00000320       0x20 /usr/lib/gcc/arm-none-eabi/14.2.1/../../../arm-none-eabi/lib/libc.a(libc_a-readr.o)
 .debug_aranges
                0x00000340       0x20 /usr/lib/gcc/arm-none-eabi/14.2.1/libgcc.a(_udivsi3.o)
 .debug_aranges
                0x00000360       0x20 /usr/lib/gcc/arm-none-eabi/14.2.1/libgcc.a(_dvmd_tls.o)

.debug_str      0x00000000      0xf6c
 .debug_str     0x00000000      0xf6c /usr/lib/gcc/arm-none-eabi/14.2.1/../../../arm-none-eabi/lib/crt0.o
                                 0x71 (size before relaxing)
 .debug_str     0x00000f6c      0x182 /usr/lib/gcc/arm-none-eabi/14.2.1/../../../arm-none-eabi/lib/libc.a(libc_a-memset.o)
 .debug_str     0x00000f6c      0x1a5 /usr/lib/gcc/arm-none-eabi/14.2.1/../../../arm-none-eabi/lib/libc.a(libc_a-fini.o)
 .debug_str     0x00000f6c      0x4bb /usr/lib/gcc/arm-none-eabi/14.2.1/../../../arm-none-eabi/lib/libc.a(libc_a-malloc.o)
 .debug_str     0x00000f6c      0x194 /usr/lib/gcc/arm-none-eabi/14.2.1/../../../arm-none-eabi/lib/libc.a(libc_a-exit.o)
 .debug_str     0x00000f6c      0x1ab /usr/lib/gcc/arm-none-eabi/14.2.1/../../../arm-none-eabi/lib/libc.a(libc_a-atexit.o)
 .debug_str     0x00000f6c      0x1cf /usr/lib/gcc/arm-none-eabi/14.2.1/../../../arm-none-eabi/lib/libc.a(libc_a-init.o)
 .debug_str     0x00000f6c      0x49b /usr/lib/gcc/arm-none-eabi/14.2.1/../../../arm-none-eabi/lib/libc.a(libc_a-impure.o)
 .debug_str     0x00000f6c      0x69e /usr/lib/gcc/arm-none-eabi/14.2.1/../../../arm-none-eabi/lib/libc.a(libc_a-findfp.o)
 .debug_str     0x00000f6c      0x4f5 /usr/lib/gcc/arm-none-eabi/14.2.1/../../../arm-none-eabi/lib/libc.a(libc_a-fclose.o)
 .debug_str     0x00000f6c      0x6be /usr/lib/gcc/arm-none-eabi/14.2.1/../../../arm-none-eabi/lib/libc.a(libc_a-mallocr.o)
 .debug_str     0x00000f6c      0x614 /usr/lib/gcc/arm-none-eabi/14.2.1/../../../arm-none-eabi/lib/libc.a(libc_a-freer.o)
 .debug_str     0x00000f6c      0x238 /usr/lib/gcc/arm-none-eabi/14.2.1/../../../arm-none-eabi/lib/libc.a(libc_a-__call_atexit.o)
 .debug_str     0x00000f6c      0x216 /usr/lib/gcc/arm-none-eabi/14.2.1/../../../arm-none-eabi/lib/libc.a(libc_a-__atexit.o)
 .debug_str     0x00000f6c      0x4b4 /usr/lib/gcc/arm-none-eabi/14.2.1/../../../arm-none-eabi/lib/libc.a(libc_a-mlock.o)
 .debug_str     0x00000f6c      0x49f /usr/lib/gcc/arm-none-eabi/14.2.1/../../../arm-none-eabi/lib/libc.a(libc_a-sbrkr.o)
 .debug_str     0x00000f6c      0x503 /usr/lib/gcc/arm-none-eabi/14.2.1/../../../arm-none-eabi/lib/libc.a(libc_a-stdio.o)
 .debug_str     0x00000f6c      0x51d /usr/lib/gcc/arm-none-eabi/14.2.1/../../../arm-none-eabi/lib/libc.a(libc_a-fflush.o)
 .debug_str     0x00000f6c      0x4a6 /usr/lib/gcc/arm-none-eabi/14.2.1/../../../arm-none-eabi/lib/libc.a(libc_a-fwalk.o)
 .debug_str     0x00000f6c      0x177 /usr/lib/gcc/arm-none-eabi/14.2.1/../../../arm-none-eabi/lib/libc.a(libc_a-sysconf.o)
 .debug_str     0x00000f6c      0x4b5 /usr/lib/gcc/arm-none-eabi/14.2.1/../../../arm-none-eabi/lib/libc.a(libc_a-reent.o)
 .debug_str     0x00000f6c      0x490 /usr/lib/gcc/arm-none-eabi/14.2.1/../../../arm-none-eabi/lib/libc.a(libc_a-errno.o)
 .debug_str     0x00000f6c      0x49c /usr/lib/gcc/arm-none-eabi/14.2.1/../../../arm-none-eabi/lib/libc.a(libc_a-writer.o)
 .debug_str     0x00000f6c      0x48c /usr/lib/gcc/arm-none-eabi/14.2.1/../../../arm-none-eabi/lib/libc.a(libc_a-closer.o)
 .debug_str     0x00000f6c      0x49a /usr/lib/gcc/arm-none-eabi/14.2.1/../../../arm-none-eabi/lib/libc.a(libc_a-lseekr.o)
 .debug_str     0x00000f6c      0x49a /usr/lib/gcc/arm-none-eabi/14.2.1/../../../arm-none-eabi/lib/libc.a(libc_a-readr.o)
 .debug_str     0x00000f6c       0xa5 /usr/lib/gcc/arm-none-eabi/14.2.1/libgcc.a(_udivsi3.o)
 .debug_str     0x00000f6c       0xa6 /usr/lib/gcc/arm-none-eabi/14.2.1/libgcc.a(_dvmd_tls.o)

.debug_loclists
                0x00000000     0x1ec2
 .debug_loclists
                0x00000000      0x1c9 /usr/lib/gcc/arm-none-eabi/14.2.1/../../../arm-none-eabi/lib/libc.a(libc_a-memset.o)
 .debug_loclists
                0x000001c9       0x42 /usr/lib/gcc/arm-none-eabi/14.2.1/../../../arm-none-eabi/lib/libc.a(libc_a-fini.o)
 .debug_loclists
                0x0000020b       0x4a /usr/lib/gcc/arm-none-eabi/14.2.1/../../../arm-none-eabi/lib/libc.a(libc_a-malloc.o)
 .debug_loclists
                0x00000255       0x1b /usr/lib/gcc/arm-none-eabi/14.2.1/../../../arm-none-eabi/lib/libc.a(libc_a-exit.o)
 .debug_loclists
                0x00000270       0x2b /usr/lib/gcc/arm-none-eabi/14.2.1/../../../arm-none-eabi/lib/libc.a(libc_a-atexit.o)
 .debug_loclists
                0x0000029b       0x65 /usr/lib/gcc/arm-none-eabi/14.2.1/../../../arm-none-eabi/lib/libc.a(libc_a-init.o)
 .debug_loclists
                0x00000300      0x1da /usr/lib/gcc/arm-none-eabi/14.2.1/../../../arm-none-eabi/lib/libc.a(libc_a-findfp.o)
 .debug_loclists
                0x000004da      0x13f /usr/lib/gcc/arm-none-eabi/14.2.1/../../../arm-none-eabi/lib/libc.a(libc_a-fclose.o)
 .debug_loclists
                0x00000619      0x8d0 /usr/lib/gcc/arm-none-eabi/14.2.1/../../../arm-none-eabi/lib/libc.a(libc_a-mallocr.o)
 .debug_loclists
                0x00000ee9      0x449 /usr/lib/gcc/arm-none-eabi/14.2.1/../../../arm-none-eabi/lib/libc.a(libc_a-freer.o)
 .debug_loclists
                0x00001332      0x119 /usr/lib/gcc/arm-none-eabi/14.2.1/../../../arm-none-eabi/lib/libc.a(libc_a-__call_atexit.o)
 .debug_loclists
                0x0000144b       0xfc /usr/lib/gcc/arm-none-eabi/14.2.1/../../../arm-none-eabi/lib/libc.a(libc_a-__atexit.o)
 .debug_loclists
                0x00001547       0x62 /usr/lib/gcc/arm-none-eabi/14.2.1/../../../arm-none-eabi/lib/libc.a(libc_a-sbrkr.o)
 .debug_loclists
                0x000015a9      0x29f /usr/lib/gcc/arm-none-eabi/14.2.1/../../../arm-none-eabi/lib/libc.a(libc_a-stdio.o)
 .debug_loclists
                0x00001848      0x343 /usr/lib/gcc/arm-none-eabi/14.2.1/../../../arm-none-eabi/lib/libc.a(libc_a-fflush.o)
 .debug_loclists
                0x00001b8b       0x90 /usr/lib/gcc/arm-none-eabi/14.2.1/../../../arm-none-eabi/lib/libc.a(libc_a-fwalk.o)
 .debug_loclists
                0x00001c1b       0x3b /usr/lib/gcc/arm-none-eabi/14.2.1/../../../arm-none-eabi/lib/libc.a(libc_a-sysconf.o)
 .debug_loclists
                0x00001c56       0x86 /usr/lib/gcc/arm-none-eabi/14.2.1/../../../arm-none-eabi/lib/libc.a(libc_a-reent.o)
 .debug_loclists
                0x00001cdc       0x89 /usr/lib/gcc/arm-none-eabi/14.2.1/../../../arm-none-eabi/lib/libc.a(libc_a-writer.o)
 .debug_loclists
                0x00001d65       0x4b /usr/lib/gcc/arm-none-eabi/14.2.1/../../../arm-none-eabi/lib/libc.a(libc_a-closer.o)
 .debug_loclists
                0x00001db0       0x89 /usr/lib/gcc/arm-none-eabi/14.2.1/../../../arm-none-eabi/lib/libc.a(libc_a-lseekr.o)
 .debug_loclists
                0x00001e39       0x89 /usr/lib/gcc/arm-none-eabi/14.2.1/../../../arm-none-eabi/lib/libc.a(libc_a-readr.o)

.debug_frame    0x00000000      0x794
 .debug_frame   0x00000000       0x34 /usr/lib/gcc/arm-none-eabi/14.2.1/../../../arm-none-eabi/lib/libc.a(libc_a-memset.o)
 .debug_frame   0x00000034       0x34 /usr/lib/gcc/arm-none-eabi/14.2.1/../../../arm-none-eabi/lib/libc.a(libc_a-fini.o)
 .debug_frame   0x00000068       0x48 /usr/lib/gcc/arm-none-eabi/14.2.1/../../../arm-none-eabi/lib/libc.a(libc_a-malloc.o)
 .debug_frame   0x000000b0       0x28 /usr/lib/gcc/arm-none-eabi/14.2.1/../../../arm-none-eabi/lib/libc.a(libc_a-exit.o)
 .debug_frame   0x000000d8       0x2c /usr/lib/gcc/arm-none-eabi/14.2.1/../../../arm-none-eabi/lib/libc.a(libc_a-atexit.o)
 .debug_frame   0x00000104       0x34 /usr/lib/gcc/arm-none-eabi/14.2.1/../../../arm-none-eabi/lib/libc.a(libc_a-init.o)
 .debug_frame   0x00000138      0x12c /usr/lib/gcc/arm-none-eabi/14.2.1/../../../arm-none-eabi/lib/libc.a(libc_a-findfp.o)
 .debug_frame   0x00000264       0x50 /usr/lib/gcc/arm-none-eabi/14.2.1/../../../arm-none-eabi/lib/libc.a(libc_a-fclose.o)
 .debug_frame   0x000002b4       0x60 /usr/lib/gcc/arm-none-eabi/14.2.1/../../../arm-none-eabi/lib/libc.a(libc_a-mallocr.o)
 .debug_frame   0x00000314       0x70 /usr/lib/gcc/arm-none-eabi/14.2.1/../../../arm-none-eabi/lib/libc.a(libc_a-freer.o)
 .debug_frame   0x00000384       0x68 /usr/lib/gcc/arm-none-eabi/14.2.1/../../../arm-none-eabi/lib/libc.a(libc_a-__call_atexit.o)
 .debug_frame   0x000003ec       0x30 /usr/lib/gcc/arm-none-eabi/14.2.1/../../../arm-none-eabi/lib/libc.a(libc_a-__atexit.o)
 .debug_frame   0x0000041c       0x30 /usr/lib/gcc/arm-none-eabi/14.2.1/../../../arm-none-eabi/lib/libc.a(libc_a-mlock.o)
 .debug_frame   0x0000044c       0x3c /usr/lib/gcc/arm-none-eabi/14.2.1/../../../arm-none-eabi/lib/libc.a(libc_a-sbrkr.o)
 .debug_frame   0x00000488       0xa0 /usr/lib/gcc/arm-none-eabi/14.2.1/../../../arm-none-eabi/lib/libc.a(libc_a-stdio.o)
 .debug_frame   0x00000528       0xb0 /usr/lib/gcc/arm-none-eabi/14.2.1/../../../arm-none-eabi/lib/libc.a(libc_a-fflush.o)
 .debug_frame   0x000005d8       0x40 /usr/lib/gcc/arm-none-eabi/14.2.1/../../../arm-none-eabi/lib/libc.a(libc_a-fwalk.o)
 .debug_frame   0x00000618       0x2c /usr/lib/gcc/arm-none-eabi/14.2.1/../../../arm-none-eabi/lib/libc.a(libc_a-sysconf.o)
 .debug_frame   0x00000644       0x40 /usr/lib/gcc/arm-none-eabi/14.2.1/../../../arm-none-eabi/lib/libc.a(libc_a-reent.o)
 .debug_frame   0x00000684       0x20 /usr/lib/gcc/arm-none-eabi/14.2.1/../../../arm-none-eabi/lib/libc.a(libc_a-errno.o)
 .debug_frame   0x000006a4       0x34 /usr/lib/gcc/arm-none-eabi/14.2.1/../../../arm-none-eabi/lib/libc.a(libc_a-writer.o)
 .debug_frame   0x000006d8       0x34 /usr/lib/gcc/arm-none-eabi/14.2.1/../../../arm-none-eabi/lib/libc.a(libc_a-closer.o)
 .debug_frame   0x0000070c       0x34 /usr/lib/gcc/arm-none-eabi/14.2.1/../../../arm-none-eabi/lib/libc.a(libc_a-lseekr.o)
 .debug_frame   0x00000740       0x34 /usr/lib/gcc/arm-none-eabi/14.2.1/../../../arm-none-eabi/lib/libc.a(libc_a-readr.o)
 .debug_frame   0x00000774       0x20 /usr/lib/gcc/arm-none-eabi/14.2.1/libgcc.a(_udivsi3.o)

.debug_rnglists
                0x00000000      0x14f
 .debug_rnglists
                0x00000000       0x70 /usr/lib/gcc/arm-none-eabi/14.2.1/../../../arm-none-eabi/lib/libc.a(libc_a-findfp.o)
 .debug_rnglists
                0x00000070       0x22 /usr/lib/gcc/arm-none-eabi/14.2.1/../../../arm-none-eabi/lib/libc.a(libc_a-fclose.o)
 .debug_rnglists
                0x00000092       0x1c /usr/lib/gcc/arm-none-eabi/14.2.1/../../../arm-none-eabi/lib/libc.a(libc_a-mallocr.o)
 .debug_rnglists
                0x000000ae       0x48 /usr/lib/gcc/arm-none-eabi/14.2.1/../../../arm-none-eabi/lib/libc.a(libc_a-__call_atexit.o)
 .debug_rnglists
                0x000000f6       0x59 /usr/lib/gcc/arm-none-eabi/14.2.1/../../../arm-none-eabi/lib/libc.a(libc_a-fflush.o)
